755 usr/bin/alephctl
755 usr/bin/aleph-gui
755 usr/lib/aleph/alephd
755 usr/lib/aleph/aleph-tpmd
755 usr/lib/aleph/remove-guard
755 usr/lib/security/pam_aleph.so
644 etc/pam.d/aleph-check
644 usr/share/aleph/hyprland/aleph-prompt.lua
644 usr/share/applications/aleph-gui.desktop
644 usr/share/icons/hicolor/scalable/apps/aleph.svg
644 usr/share/icons/hicolor/24x24/apps/aleph.svg
644 usr/share/icons/hicolor/16x16/apps/aleph.svg
644 usr/share/icons/hicolor/symbolic/apps/aleph-symbolic.svg
644 usr/lib/systemd/system/aleph-tpmd.service
644 usr/lib/systemd/system/aleph-tpmd.socket
644 usr/lib/systemd/user/alephd.service
644 usr/lib/systemd/user/alephd.socket
644 usr/share/dbus-1/services/io.aleph.Keyring.service
644 usr/share/libalpm/hooks/aleph-remove-guard.hook
644 usr/share/licenses/%PKGNAME%/LICENSE
644 usr/share/licenses/%PKGNAME%/NOTICE
